// Jest Snapshot v1, https://goo.gl/fbAQLP

exports[`ArrowBackIcon should render ArrowBackIcon successfully 1`] = `
<div>
  <svg
    fill="none"
    height="6"
    viewBox="0 0 10 6"
    width="10"
    xmlns="http://www.w3.org/2000/svg"
  >
    <path
      d="M1 1L5 5L9 0.999999"
      stroke="#211B28"
      stroke-linecap="round"
      stroke-linejoin="round"
      stroke-width="2"
    />
  </svg>
</div>
`;
